QA output created by zoned.sh
Testing a null_blk device:
Simple cases: if the operations work
(1) report the first zone:
start: 0x0, len 0x80000, cap 0x80000, wptr 0x0, zcond:1, [type: 2]

report the first 10 zones
start: 0x0, len 0x80000, cap 0x80000, wptr 0x0, zcond:1, [type: 2]
start: 0x80000, len 0x80000, cap 0x80000, wptr 0x80000, zcond:1, [type: 2]
start: 0x100000, len 0x80000, cap 0x80000, wptr 0x100000, zcond:1, [type: 2]
start: 0x180000, len 0x80000, cap 0x80000, wptr 0x180000, zcond:1, [type: 2]
start: 0x200000, len 0x80000, cap 0x80000, wptr 0x200000, zcond:1, [type: 2]
start: 0x280000, len 0x80000, cap 0x80000, wptr 0x280000, zcond:1, [type: 2]
start: 0x300000, len 0x80000, cap 0x80000, wptr 0x300000, zcond:1, [type: 2]
start: 0x380000, len 0x80000, cap 0x80000, wptr 0x380000, zcond:1, [type: 2]
start: 0x400000, len 0x80000, cap 0x80000, wptr 0x400000, zcond:1, [type: 2]
start: 0x480000, len 0x80000, cap 0x80000, wptr 0x480000, zcond:1, [type: 2]

report the last zone:
start: 0x1f380000, len 0x80000, cap 0x80000, wptr 0x1f380000, zcond:1, [type: 2]


(2) opening the first zone
report after:
start: 0x0, len 0x80000, cap 0x80000, wptr 0x0, zcond:3, [type: 2]

opening the second zone
report after:
start: 0x80000, len 0x80000, cap 0x80000, wptr 0x80000, zcond:3, [type: 2]

opening the last zone
report after:
start: 0x1f380000, len 0x80000, cap 0x80000, wptr 0x1f380000, zcond:3, [type: 2]


(3) closing the first zone
report after:
start: 0x0, len 0x80000, cap 0x80000, wptr 0x0, zcond:1, [type: 2]

closing the last zone
report after:
start: 0x1f380000, len 0x80000, cap 0x80000, wptr 0x1f380000, zcond:1, [type: 2]


(4) finishing the second zone
After finishing a zone:
start: 0x80000, len 0x80000, cap 0x80000, wptr 0x100000, zcond:14, [type: 2]


(5) resetting the second zone
After resetting a zone:
start: 0x80000, len 0x80000, cap 0x80000, wptr 0x80000, zcond:1, [type: 2]
*** done
